SET A 1
SET B 2
SET C 3
SET D 4
SET A 69
SET Z 96
SET LOVE NOTFOUND
SET foo bar
DEL foo
SET foo bar
SET AMAN KAJLA
SET HOST2 WHO
SET FOO BAR EX 3
SET A 1 EX 2
SET B 2
SET C 3
SET D 4
SET D 4
SET benchkey0 val
SET benchkey1 val
SET benchkey2 val
SET benchkey3 val
SET benchkey4 val
SET benchkey5 val
SET benchkey6 val
SET benchkey7 val
SET benchkey8 val
SET benchkey9 val
SET benchkey10 val
SET benchkey11 val
SET benchkey12 val
SET benchkey13 val
SET benchkey14 val
SET benchkey15 val
SET benchkey16 val
SET benchkey17 val
SET benchkey18 val
SET benchkey19 val
SET benchkey20 val
SET benchkey21 val
SET benchkey22 val
SET benchkey23 val
SET benchkey24 val
SET benchkey25 val
SET benchkey26 val
SET benchkey27 val
SET benchkey28 val
SET benchkey29 val
SET benchkey30 val
SET benchkey31 val
SET benchkey32 val
SET benchkey33 val
SET benchkey34 val
SET benchkey35 val
SET benchkey36 val
SET benchkey37 val
SET benchkey38 val
SET benchkey39 val
SET benchkey40 val
SET benchkey41 val
SET benchkey42 val
SET benchkey43 val
SET benchkey44 val
SET benchkey45 val
SET benchkey46 val
SET benchkey47 val
SET benchkey48 val
SET benchkey49 val
SET benchkey50 val
SET benchkey51 val
SET benchkey52 val
SET benchkey53 val
SET benchkey54 val
SET benchkey55 val
SET benchkey56 val
SET benchkey57 val
SET benchkey58 val
SET benchkey59 val
SET benchkey60 val
SET benchkey61 val
SET benchkey62 val
SET benchkey63 val
SET benchkey64 val
SET benchkey65 val
SET benchkey66 val
SET benchkey67 val
SET benchkey68 val
SET benchkey69 val
SET benchkey70 val
SET benchkey71 val
SET benchkey72 val
SET benchkey73 val
SET benchkey74 val
SET benchkey75 val
SET benchkey76 val
SET benchkey77 val
SET benchkey78 val
SET benchkey79 val
SET benchkey80 val
SET benchkey81 val
SET benchkey82 val
SET benchkey83 val
SET benchkey84 val
SET benchkey85 val
SET benchkey86 val
SET benchkey87 val
SET benchkey88 val
SET benchkey89 val
SET benchkey90 val
SET benchkey91 val
SET benchkey92 val
SET benchkey93 val
SET benchkey94 val
SET benchkey95 val
SET benchkey96 val
SET benchkey97 val
SET benchkey98 val
SET benchkey99 val
SET benchkey100 val
SET benchkey101 val
SET benchkey102 val
SET benchkey103 val
SET benchkey104 val
SET benchkey105 val
SET benchkey106 val
SET benchkey107 val
SET benchkey108 val
SET benchkey109 val
SET benchkey110 val
SET benchkey111 val
SET benchkey112 val
SET benchkey113 val
SET benchkey114 val
SET benchkey115 val
SET benchkey116 val
SET benchkey117 val
SET benchkey118 val
SET benchkey119 val
SET benchkey120 val
SET benchkey121 val
SET benchkey122 val
SET benchkey123 val
SET benchkey124 val
SET benchkey125 val
SET benchkey126 val
SET benchkey127 val
SET benchkey128 val
SET benchkey129 val
SET benchkey130 val
SET benchkey131 val
SET benchkey132 val
SET benchkey133 val
SET benchkey134 val
SET benchkey135 val
SET benchkey136 val
SET benchkey137 val
SET benchkey138 val
SET benchkey139 val
SET benchkey140 val
SET benchkey141 val
SET benchkey142 val
SET benchkey143 val
SET benchkey144 val
SET benchkey145 val
SET benchkey146 val
SET benchkey147 val
SET benchkey148 val
SET benchkey149 val
SET benchkey150 val
SET benchkey151 val
SET benchkey152 val
SET benchkey153 val
SET benchkey154 val
SET benchkey155 val
SET benchkey156 val
SET benchkey157 val
SET benchkey158 val
SET benchkey159 val
SET benchkey160 val
SET benchkey161 val
SET benchkey162 val
SET benchkey163 val
SET benchkey164 val
SET benchkey165 val
SET benchkey166 val
SET benchkey167 val
SET benchkey168 val
SET benchkey169 val
SET benchkey170 val
SET benchkey171 val
SET benchkey172 val
SET benchkey173 val
SET benchkey174 val
SET benchkey175 val
SET benchkey176 val
SET benchkey177 val
SET benchkey178 val
SET benchkey179 val
SET benchkey180 val
SET benchkey181 val
SET benchkey182 val
SET benchkey183 val
SET benchkey184 val
SET benchkey185 val
SET benchkey186 val
SET benchkey187 val
SET benchkey188 val
SET benchkey189 val
SET benchkey190 val
SET benchkey191 val
SET benchkey192 val
SET benchkey193 val
SET benchkey194 val
SET benchkey195 val
SET benchkey196 val
SET benchkey197 val
SET benchkey198 val
SET benchkey199 val
SET benchkey200 val
SET benchkey201 val
SET benchkey202 val
SET benchkey203 val
SET benchkey204 val
SET benchkey205 val
SET benchkey206 val
SET benchkey207 val
SET benchkey208 val
SET benchkey209 val
SET benchkey210 val
SET benchkey211 val
SET benchkey212 val
SET benchkey213 val
SET benchkey214 val
SET benchkey215 val
SET benchkey216 val
SET benchkey217 val
SET benchkey218 val
SET benchkey219 val
SET benchkey220 val
SET benchkey221 val
SET benchkey222 val
SET benchkey223 val
SET benchkey224 val
SET benchkey225 val
SET benchkey226 val
SET benchkey227 val
SET benchkey228 val
SET benchkey229 val
SET benchkey230 val
SET benchkey231 val
SET benchkey232 val
SET benchkey233 val
SET benchkey234 val
SET benchkey235 val
SET benchkey236 val
SET benchkey237 val
SET benchkey238 val
SET benchkey239 val
SET benchkey240 val
SET benchkey241 val
SET benchkey242 val
SET benchkey243 val
SET benchkey244 val
SET benchkey245 val
SET benchkey246 val
SET benchkey247 val
SET benchkey248 val
SET benchkey249 val
SET benchkey250 val
SET benchkey251 val
SET benchkey252 val
SET benchkey253 val
SET benchkey254 val
SET benchkey255 val
SET benchkey256 val
SET benchkey257 val
SET benchkey258 val
SET benchkey259 val
SET benchkey260 val
SET benchkey261 val
SET benchkey262 val
SET benchkey263 val
SET benchkey264 val
SET benchkey265 val
SET benchkey266 val
SET benchkey267 val
SET benchkey268 val
SET benchkey269 val
SET benchkey270 val
SET benchkey271 val
SET benchkey272 val
SET benchkey273 val
SET benchkey274 val
SET benchkey275 val
SET benchkey276 val
SET benchkey277 val
SET benchkey278 val
SET benchkey279 val
SET benchkey280 val
SET benchkey281 val
SET benchkey282 val
SET benchkey283 val
SET benchkey284 val
SET benchkey285 val
SET benchkey286 val
SET benchkey287 val
SET benchkey288 val
SET benchkey289 val
SET benchkey290 val
SET benchkey291 val
SET benchkey292 val
SET benchkey293 val
SET benchkey294 val
SET benchkey295 val
SET benchkey296 val
SET benchkey297 val
SET benchkey298 val
SET benchkey299 val
SET benchkey300 val
SET benchkey301 val
SET benchkey302 val
SET benchkey303 val
SET benchkey304 val
SET benchkey305 val
SET benchkey306 val
SET benchkey307 val
SET benchkey308 val
SET benchkey309 val
SET benchkey310 val
SET benchkey311 val
SET benchkey312 val
SET benchkey313 val
SET benchkey314 val
SET benchkey315 val
SET benchkey316 val
SET benchkey317 val
SET benchkey318 val
SET benchkey319 val
SET benchkey320 val
SET benchkey321 val
SET benchkey322 val
SET benchkey323 val
SET benchkey324 val
SET benchkey325 val
SET benchkey326 val
SET benchkey327 val
SET benchkey328 val
SET benchkey329 val
SET benchkey330 val
SET benchkey331 val
SET benchkey332 val
SET benchkey333 val
SET benchkey334 val
SET benchkey335 val
SET benchkey336 val
SET benchkey337 val
SET benchkey338 val
SET benchkey339 val
SET benchkey340 val
SET benchkey341 val
SET benchkey342 val
SET benchkey343 val
SET benchkey344 val
SET benchkey345 val
SET benchkey346 val
SET benchkey347 val
SET benchkey348 val
SET benchkey349 val
SET benchkey350 val
SET benchkey351 val
SET benchkey352 val
SET benchkey353 val
SET benchkey354 val
SET benchkey355 val
SET benchkey356 val
SET benchkey357 val
SET benchkey358 val
SET benchkey359 val
SET benchkey360 val
SET benchkey361 val
SET benchkey362 val
SET benchkey363 val
SET benchkey364 val
SET benchkey365 val
SET benchkey366 val
SET benchkey367 val
SET benchkey368 val
SET benchkey369 val
SET benchkey370 val
SET benchkey371 val
SET benchkey372 val
SET benchkey373 val
SET benchkey374 val
SET benchkey375 val
SET benchkey376 val
SET benchkey377 val
SET benchkey378 val
SET benchkey379 val
SET benchkey380 val
SET benchkey381 val
SET benchkey382 val
SET benchkey383 val
SET benchkey384 val
SET benchkey385 val
SET benchkey386 val
SET benchkey387 val
SET benchkey388 val
SET benchkey389 val
SET benchkey390 val
SET benchkey391 val
SET benchkey392 val
SET benchkey393 val
SET benchkey394 val
SET benchkey395 val
SET benchkey396 val
SET benchkey397 val
SET benchkey398 val
SET benchkey399 val
SET benchkey400 val
SET benchkey401 val
SET benchkey402 val
SET benchkey403 val
SET benchkey404 val
SET benchkey405 val
SET benchkey406 val
SET benchkey407 val
SET benchkey408 val
SET benchkey409 val
SET benchkey410 val
SET benchkey411 val
SET benchkey412 val
SET benchkey413 val
SET benchkey414 val
SET benchkey415 val
SET benchkey416 val
SET benchkey417 val
SET benchkey418 val
SET benchkey419 val
SET benchkey420 val
SET benchkey421 val
SET benchkey422 val
SET benchkey423 val
SET benchkey424 val
SET benchkey425 val
SET benchkey426 val
SET benchkey427 val
SET benchkey428 val
SET benchkey429 val
SET benchkey430 val
SET benchkey431 val
SET benchkey432 val
SET benchkey433 val
SET benchkey434 val
SET benchkey435 val
SET benchkey436 val
SET benchkey437 val
SET benchkey438 val
SET benchkey439 val
SET benchkey440 val
SET benchkey441 val
SET benchkey442 val
SET benchkey443 val
SET benchkey444 val
SET benchkey445 val
SET benchkey446 val
SET benchkey447 val
SET benchkey448 val
SET benchkey449 val
SET benchkey450 val
SET benchkey451 val
SET benchkey452 val
SET benchkey453 val
SET benchkey454 val
SET benchkey455 val
SET benchkey456 val
SET benchkey457 val
SET benchkey458 val
SET benchkey459 val
SET benchkey460 val
SET benchkey461 val
SET benchkey462 val
SET benchkey463 val
SET benchkey464 val
SET benchkey465 val
SET benchkey466 val
SET benchkey467 val
SET benchkey468 val
SET benchkey469 val
SET benchkey470 val
SET benchkey471 val
SET benchkey472 val
SET benchkey473 val
SET benchkey474 val
SET benchkey475 val
SET benchkey476 val
SET benchkey477 val
SET benchkey478 val
SET benchkey479 val
SET benchkey480 val
SET benchkey481 val
SET benchkey482 val
SET benchkey483 val
SET benchkey484 val
SET benchkey485 val
SET benchkey486 val
SET benchkey487 val
SET benchkey488 val
SET benchkey489 val
SET benchkey490 val
SET benchkey491 val
SET benchkey492 val
SET benchkey493 val
SET benchkey494 val
SET benchkey495 val
SET benchkey496 val
SET benchkey497 val
SET benchkey498 val
SET benchkey499 val
SET benchkey500 val
SET benchkey501 val
SET benchkey502 val
SET benchkey503 val
SET benchkey504 val
SET benchkey505 val
SET benchkey506 val
SET benchkey507 val
SET benchkey508 val
SET benchkey509 val
SET benchkey510 val
SET benchkey511 val
SET benchkey512 val
SET benchkey513 val
SET benchkey514 val
SET benchkey515 val
SET benchkey516 val
SET benchkey517 val
SET benchkey518 val
SET benchkey519 val
SET benchkey520 val
SET benchkey521 val
SET benchkey522 val
SET benchkey523 val
SET benchkey524 val
SET benchkey525 val
SET benchkey526 val
SET benchkey527 val
SET benchkey528 val
SET benchkey529 val
SET benchkey530 val
SET benchkey531 val
SET benchkey532 val
SET benchkey533 val
SET benchkey534 val
SET benchkey535 val
SET benchkey536 val
SET benchkey537 val
SET benchkey538 val
SET benchkey539 val
SET benchkey540 val
SET benchkey541 val
SET benchkey542 val
SET benchkey543 val
SET benchkey544 val
SET benchkey545 val
SET benchkey546 val
SET benchkey547 val
SET benchkey548 val
SET benchkey549 val
SET benchkey550 val
SET benchkey551 val
SET benchkey552 val
SET benchkey553 val
SET benchkey554 val
SET benchkey555 val
SET benchkey556 val
SET benchkey557 val
SET benchkey558 val
SET benchkey559 val
SET benchkey560 val
SET benchkey561 val
SET benchkey562 val
SET benchkey563 val
SET benchkey564 val
SET benchkey565 val
SET benchkey566 val
SET benchkey567 val
SET benchkey568 val
SET benchkey569 val
SET benchkey570 val
SET benchkey571 val
SET benchkey572 val
SET benchkey573 val
SET benchkey574 val
SET benchkey575 val
SET benchkey576 val
SET benchkey577 val
SET benchkey578 val
SET benchkey579 val
SET benchkey580 val
SET benchkey581 val
SET benchkey582 val
SET benchkey583 val
SET benchkey584 val
SET benchkey585 val
SET benchkey586 val
SET benchkey587 val
SET benchkey588 val
SET benchkey589 val
SET benchkey590 val
SET benchkey591 val
SET benchkey592 val
SET benchkey593 val
SET benchkey594 val
SET benchkey595 val
SET benchkey596 val
SET benchkey597 val
SET benchkey598 val
SET benchkey599 val
SET benchkey600 val
SET benchkey601 val
SET benchkey602 val
SET benchkey603 val
SET benchkey604 val
SET benchkey605 val
SET benchkey606 val
SET benchkey607 val
SET benchkey608 val
SET benchkey609 val
SET benchkey610 val
SET benchkey611 val
SET benchkey612 val
SET benchkey613 val
SET benchkey614 val
SET benchkey615 val
SET benchkey616 val
SET benchkey617 val
SET benchkey618 val
SET benchkey619 val
SET benchkey620 val
SET benchkey621 val
SET benchkey622 val
SET benchkey623 val
SET benchkey624 val
SET benchkey625 val
SET benchkey626 val
SET benchkey627 val
SET benchkey628 val
SET benchkey629 val
SET benchkey630 val
SET benchkey631 val
SET benchkey632 val
SET benchkey633 val
SET benchkey634 val
SET benchkey635 val
SET benchkey636 val
SET benchkey637 val
SET benchkey638 val
SET benchkey639 val
SET benchkey640 val
SET benchkey641 val
SET benchkey642 val
SET benchkey643 val
SET benchkey644 val
SET benchkey645 val
SET benchkey646 val
SET benchkey647 val
SET benchkey648 val
SET benchkey649 val
SET benchkey650 val
SET benchkey651 val
SET benchkey652 val
SET benchkey653 val
SET benchkey654 val
SET benchkey655 val
SET benchkey656 val
SET benchkey657 val
SET benchkey658 val
SET benchkey659 val
SET benchkey660 val
SET benchkey661 val
SET benchkey662 val
SET benchkey663 val
SET benchkey664 val
SET benchkey665 val
SET benchkey666 val
SET benchkey667 val
SET benchkey668 val
SET benchkey669 val
SET benchkey670 val
SET benchkey671 val
SET benchkey672 val
SET benchkey673 val
SET benchkey674 val
SET benchkey675 val
SET benchkey676 val
SET benchkey677 val
SET benchkey678 val
SET benchkey679 val
SET benchkey680 val
SET benchkey681 val
SET benchkey682 val
SET benchkey683 val
SET benchkey684 val
SET benchkey685 val
SET benchkey686 val
SET benchkey687 val
SET benchkey688 val
SET benchkey689 val
SET benchkey690 val
SET benchkey691 val
SET benchkey692 val
SET benchkey693 val
SET benchkey694 val
SET benchkey695 val
SET benchkey696 val
SET benchkey697 val
SET benchkey698 val
SET benchkey699 val
SET benchkey700 val
SET benchkey701 val
SET benchkey702 val
SET benchkey703 val
SET benchkey704 val
SET benchkey705 val
SET benchkey706 val
SET benchkey707 val
SET benchkey708 val
SET benchkey709 val
SET benchkey710 val
SET benchkey711 val
SET benchkey712 val
SET benchkey713 val
SET benchkey714 val
SET benchkey715 val
SET benchkey716 val
SET benchkey717 val
SET benchkey718 val
SET benchkey719 val
SET benchkey720 val
SET benchkey721 val
SET benchkey722 val
SET benchkey723 val
SET benchkey724 val
SET benchkey725 val
SET benchkey726 val
SET benchkey727 val
SET benchkey728 val
SET benchkey729 val
SET benchkey730 val
SET benchkey731 val
SET benchkey732 val
SET benchkey733 val
SET benchkey734 val
SET benchkey735 val
SET benchkey736 val
SET benchkey737 val
SET benchkey738 val
SET benchkey739 val
SET benchkey740 val
SET benchkey741 val
SET benchkey742 val
SET benchkey743 val
SET benchkey744 val
SET benchkey745 val
SET benchkey746 val
SET benchkey747 val
SET benchkey748 val
SET benchkey749 val
SET benchkey750 val
SET benchkey751 val
SET benchkey752 val
SET benchkey753 val
SET benchkey754 val
SET benchkey755 val
SET benchkey756 val
SET benchkey757 val
SET benchkey758 val
SET benchkey759 val
SET benchkey760 val
SET benchkey761 val
SET benchkey762 val
SET benchkey763 val
SET benchkey764 val
SET benchkey765 val
SET benchkey766 val
SET benchkey767 val
SET benchkey768 val
SET benchkey769 val
SET benchkey770 val
SET benchkey771 val
SET benchkey772 val
SET benchkey773 val
SET benchkey774 val
SET benchkey775 val
SET benchkey776 val
SET benchkey777 val
SET benchkey778 val
SET benchkey779 val
SET benchkey780 val
SET benchkey781 val
SET benchkey782 val
SET benchkey783 val
SET benchkey784 val
SET benchkey785 val
SET benchkey786 val
SET benchkey787 val
SET benchkey788 val
SET benchkey789 val
SET benchkey790 val
SET benchkey791 val
SET benchkey792 val
SET benchkey793 val
SET benchkey794 val
SET benchkey795 val
SET benchkey796 val
SET benchkey797 val
SET benchkey798 val
SET benchkey799 val
SET benchkey800 val
SET benchkey801 val
SET benchkey802 val
SET benchkey803 val
SET benchkey804 val
SET benchkey805 val
SET benchkey806 val
SET benchkey807 val
SET benchkey808 val
SET benchkey809 val
SET benchkey810 val
SET benchkey811 val
SET benchkey812 val
SET benchkey813 val
SET benchkey814 val
SET benchkey815 val
SET benchkey816 val
SET benchkey817 val
SET benchkey818 val
SET benchkey819 val
SET benchkey820 val
SET benchkey821 val
SET benchkey822 val
SET benchkey823 val
SET benchkey824 val
SET benchkey825 val
SET benchkey826 val
SET benchkey827 val
SET benchkey828 val
SET benchkey829 val
SET benchkey830 val
SET benchkey831 val
SET benchkey832 val
SET benchkey833 val
SET benchkey834 val
SET benchkey835 val
SET benchkey836 val
SET benchkey837 val
SET benchkey838 val
SET benchkey839 val
SET benchkey840 val
SET benchkey841 val
SET benchkey842 val
SET benchkey843 val
SET benchkey844 val
SET benchkey845 val
SET benchkey846 val
SET benchkey847 val
SET benchkey848 val
SET benchkey849 val
SET benchkey850 val
SET benchkey851 val
SET benchkey852 val
SET benchkey853 val
SET benchkey854 val
SET benchkey855 val
SET benchkey856 val
SET benchkey857 val
SET benchkey858 val
SET benchkey859 val
SET benchkey860 val
SET benchkey861 val
SET benchkey862 val
SET benchkey863 val
SET benchkey864 val
SET benchkey865 val
SET benchkey866 val
SET benchkey867 val
SET benchkey868 val
SET benchkey869 val
SET benchkey870 val
SET benchkey871 val
SET benchkey872 val
SET benchkey873 val
SET benchkey874 val
SET benchkey875 val
SET benchkey876 val
SET benchkey877 val
SET benchkey878 val
SET benchkey879 val
SET benchkey880 val
SET benchkey881 val
SET benchkey882 val
SET benchkey883 val
SET benchkey884 val
SET benchkey885 val
SET benchkey886 val
SET benchkey887 val
SET benchkey888 val
SET benchkey889 val
SET benchkey890 val
SET benchkey891 val
SET benchkey892 val
SET benchkey893 val
SET benchkey894 val
SET benchkey895 val
SET benchkey896 val
SET benchkey897 val
SET benchkey898 val
SET benchkey899 val
SET benchkey900 val
SET benchkey901 val
SET benchkey902 val
SET benchkey903 val
SET benchkey904 val
SET benchkey905 val
SET benchkey906 val
SET benchkey907 val
SET benchkey908 val
SET benchkey909 val
SET benchkey910 val
SET benchkey911 val
SET benchkey912 val
SET benchkey913 val
SET benchkey914 val
SET benchkey915 val
SET benchkey916 val
SET benchkey917 val
SET benchkey918 val
SET benchkey919 val
SET benchkey920 val
SET benchkey921 val
SET benchkey922 val
SET benchkey923 val
SET benchkey924 val
SET benchkey925 val
SET benchkey926 val
SET benchkey927 val
SET benchkey928 val
SET benchkey929 val
SET benchkey930 val
SET benchkey931 val
SET benchkey932 val
SET benchkey933 val
SET benchkey934 val
SET benchkey935 val
SET benchkey936 val
SET benchkey937 val
SET benchkey938 val
SET benchkey939 val
SET benchkey940 val
SET benchkey941 val
SET benchkey942 val
SET benchkey943 val
SET benchkey944 val
SET benchkey945 val
SET benchkey946 val
SET benchkey947 val
SET benchkey948 val
SET benchkey949 val
SET benchkey950 val
SET benchkey951 val
SET benchkey952 val
SET benchkey953 val
SET benchkey954 val
SET benchkey955 val
SET benchkey956 val
SET benchkey957 val
SET benchkey958 val
SET benchkey959 val
SET benchkey960 val
SET benchkey961 val
SET benchkey962 val
SET benchkey963 val
SET benchkey964 val
SET benchkey965 val
SET benchkey966 val
SET benchkey967 val
SET benchkey968 val
SET benchkey969 val
SET benchkey970 val
SET benchkey971 val
SET benchkey972 val
SET benchkey973 val
SET benchkey974 val
SET benchkey975 val
SET benchkey976 val
SET benchkey977 val
SET benchkey978 val
SET benchkey979 val
SET benchkey980 val
SET benchkey981 val
SET benchkey982 val
SET benchkey983 val
SET benchkey984 val
SET benchkey985 val
SET benchkey986 val
SET benchkey987 val
SET benchkey988 val
SET benchkey989 val
SET benchkey990 val
SET benchkey991 val
SET benchkey992 val
SET benchkey993 val
SET benchkey994 val
SET benchkey995 val
SET benchkey996 val
SET benchkey997 val
SET benchkey998 val
SET benchkey999 val
SET baz qux
DEL benchkey997
SET FOO BAR
DEL benchkey998
SET AMAN KAJLA
DEL benchkey999
SET benchkey0 val
DEL baz
SET benchkey1 val
DEL FOO
SET benchkey2 val
DEL AMAN
SET benchkey3 val
DEL benchkey0
SET benchkey4 val
DEL benchkey1
SET benchkey5 val
DEL benchkey2
SET benchkey6 val
DEL benchkey3
SET benchkey7 val
DEL benchkey4
SET benchkey8 val
DEL benchkey5
SET benchkey9 val
DEL benchkey6
SET benchkey10 val
DEL benchkey7
SET benchkey11 val
DEL benchkey8
SET benchkey12 val
DEL benchkey9
SET benchkey13 val
DEL benchkey10
SET benchkey14 val
DEL benchkey11
SET benchkey15 val
DEL benchkey12
SET benchkey16 val
DEL benchkey13
SET benchkey17 val
DEL benchkey14
SET benchkey18 val
DEL benchkey15
SET benchkey19 val
DEL benchkey16
SET benchkey20 val
DEL benchkey17
SET benchkey21 val
DEL benchkey18
SET benchkey22 val
DEL benchkey19
SET benchkey23 val
DEL benchkey20
SET benchkey24 val
DEL benchkey21
SET benchkey25 val
DEL benchkey22
SET benchkey26 val
DEL benchkey23
SET benchkey27 val
DEL benchkey24
SET benchkey28 val
DEL benchkey25
SET benchkey29 val
DEL benchkey26
SET benchkey30 val
DEL benchkey27
SET benchkey31 val
DEL benchkey28
SET benchkey32 val
DEL benchkey29
SET benchkey33 val
DEL benchkey30
SET benchkey34 val
DEL benchkey31
SET benchkey35 val
DEL benchkey32
SET benchkey36 val
DEL benchkey33
SET benchkey37 val
DEL benchkey34
SET benchkey38 val
DEL benchkey35
SET benchkey39 val
DEL benchkey36
SET benchkey40 val
DEL benchkey37
SET benchkey41 val
DEL benchkey38
SET benchkey42 val
DEL benchkey39
SET benchkey43 val
DEL benchkey40
SET benchkey44 val
DEL benchkey41
SET benchkey45 val
DEL benchkey42
SET benchkey46 val
DEL benchkey43
SET benchkey47 val
DEL benchkey44
SET benchkey48 val
DEL benchkey45
SET benchkey49 val
DEL benchkey46
SET benchkey50 val
DEL benchkey47
SET benchkey51 val
DEL benchkey48
SET benchkey52 val
DEL benchkey49
SET benchkey53 val
DEL benchkey50
SET benchkey54 val
DEL benchkey51
SET benchkey55 val
DEL benchkey52
SET benchkey56 val
DEL benchkey53
SET benchkey57 val
DEL benchkey54
SET benchkey58 val
DEL benchkey55
SET benchkey59 val
DEL benchkey56
SET benchkey60 val
DEL benchkey57
SET benchkey61 val
DEL benchkey58
SET benchkey62 val
DEL benchkey59
SET benchkey63 val
DEL benchkey60
SET benchkey64 val
DEL benchkey61
SET benchkey65 val
DEL benchkey62
SET benchkey66 val
DEL benchkey63
SET benchkey67 val
DEL benchkey64
SET benchkey68 val
DEL benchkey65
SET benchkey69 val
DEL benchkey66
SET benchkey70 val
DEL benchkey67
SET benchkey71 val
DEL benchkey68
SET benchkey72 val
DEL benchkey69
SET benchkey73 val
DEL benchkey70
SET benchkey74 val
DEL benchkey71
SET benchkey75 val
DEL benchkey72
SET benchkey76 val
DEL benchkey73
SET benchkey77 val
DEL benchkey74
SET benchkey78 val
DEL benchkey75
SET benchkey79 val
DEL benchkey76
SET benchkey80 val
DEL benchkey77
SET benchkey81 val
DEL benchkey78
SET benchkey82 val
DEL benchkey79
SET benchkey83 val
DEL benchkey80
SET benchkey84 val
DEL benchkey81
SET benchkey85 val
DEL benchkey82
SET benchkey86 val
DEL benchkey83
SET benchkey87 val
DEL benchkey84
SET benchkey88 val
DEL benchkey85
SET benchkey89 val
DEL benchkey86
SET benchkey90 val
DEL benchkey87
SET benchkey91 val
DEL benchkey88
SET benchkey92 val
DEL benchkey89
SET benchkey93 val
DEL benchkey90
SET benchkey94 val
DEL benchkey91
SET benchkey95 val
DEL benchkey92
SET benchkey96 val
DEL benchkey93
SET benchkey97 val
DEL benchkey94
SET benchkey98 val
DEL benchkey95
SET benchkey99 val
DEL benchkey96
SET benchkey100 val
DEL benchkey97
SET benchkey101 val
DEL benchkey98
SET benchkey102 val
DEL benchkey99
SET benchkey103 val
DEL benchkey100
SET benchkey104 val
DEL benchkey101
SET benchkey105 val
DEL benchkey102
SET benchkey106 val
DEL benchkey103
SET benchkey107 val
DEL benchkey104
SET benchkey108 val
DEL benchkey105
SET benchkey109 val
DEL benchkey106
SET benchkey110 val
DEL benchkey107
SET benchkey111 val
DEL benchkey108
SET benchkey112 val
DEL benchkey109
SET benchkey113 val
DEL benchkey110
SET benchkey114 val
DEL benchkey111
SET benchkey115 val
DEL benchkey112
SET benchkey116 val
DEL benchkey113
SET benchkey117 val
DEL benchkey114
SET benchkey118 val
DEL benchkey115
SET benchkey119 val
DEL benchkey116
SET benchkey120 val
DEL benchkey117
SET benchkey121 val
DEL benchkey118
SET benchkey122 val
DEL benchkey119
SET benchkey123 val
DEL benchkey120
SET benchkey124 val
DEL benchkey121
SET benchkey125 val
DEL benchkey122
SET benchkey126 val
DEL benchkey123
SET benchkey127 val
DEL benchkey124
SET benchkey128 val
DEL benchkey125
SET benchkey129 val
DEL benchkey126
SET benchkey130 val
DEL benchkey127
SET benchkey131 val
DEL benchkey128
SET benchkey132 val
DEL benchkey129
SET benchkey133 val
DEL benchkey130
SET benchkey134 val
DEL benchkey131
SET benchkey135 val
DEL benchkey132
SET benchkey136 val
DEL benchkey133
SET benchkey137 val
DEL benchkey134
SET benchkey138 val
DEL benchkey135
SET benchkey139 val
DEL benchkey136
SET benchkey140 val
DEL benchkey137
SET benchkey141 val
DEL benchkey138
SET benchkey142 val
DEL benchkey139
SET benchkey143 val
DEL benchkey140
SET benchkey144 val
DEL benchkey141
SET benchkey145 val
DEL benchkey142
SET benchkey146 val
DEL benchkey143
SET benchkey147 val
DEL benchkey144
SET benchkey148 val
DEL benchkey145
SET benchkey149 val
DEL benchkey146
SET benchkey150 val
DEL benchkey147
SET benchkey151 val
DEL benchkey148
SET benchkey152 val
DEL benchkey149
SET benchkey153 val
DEL benchkey150
SET benchkey154 val
DEL benchkey151
SET benchkey155 val
DEL benchkey152
SET benchkey156 val
DEL benchkey153
SET benchkey157 val
DEL benchkey154
SET benchkey158 val
DEL benchkey155
SET benchkey159 val
DEL benchkey156
SET benchkey160 val
DEL benchkey157
SET benchkey161 val
DEL benchkey158
SET benchkey162 val
DEL benchkey159
SET benchkey163 val
DEL benchkey160
SET benchkey164 val
DEL benchkey161
SET benchkey165 val
DEL benchkey162
SET benchkey166 val
DEL benchkey163
SET benchkey167 val
DEL benchkey164
SET benchkey168 val
DEL benchkey165
SET benchkey169 val
DEL benchkey166
SET benchkey170 val
DEL benchkey167
SET benchkey171 val
DEL benchkey168
SET benchkey172 val
DEL benchkey169
SET benchkey173 val
DEL benchkey170
SET benchkey174 val
DEL benchkey171
SET benchkey175 val
DEL benchkey172
SET benchkey176 val
DEL benchkey173
SET benchkey177 val
DEL benchkey174
SET benchkey178 val
DEL benchkey175
SET benchkey179 val
DEL benchkey176
SET benchkey180 val
DEL benchkey177
SET benchkey181 val
DEL benchkey178
SET benchkey182 val
DEL benchkey179
SET benchkey183 val
DEL benchkey180
SET benchkey184 val
DEL benchkey181
SET benchkey185 val
DEL benchkey182
SET benchkey186 val
DEL benchkey183
SET benchkey187 val
DEL benchkey184
SET benchkey188 val
DEL benchkey185
SET benchkey189 val
DEL benchkey186
SET benchkey190 val
DEL benchkey187
SET benchkey191 val
DEL benchkey188
SET benchkey192 val
DEL benchkey189
SET benchkey193 val
DEL benchkey190
SET benchkey194 val
DEL benchkey191
SET benchkey195 val
DEL benchkey192
SET benchkey196 val
DEL benchkey193
SET benchkey197 val
DEL benchkey194
SET benchkey198 val
DEL benchkey195
SET benchkey199 val
DEL benchkey196
SET benchkey200 val
DEL benchkey197
SET benchkey201 val
DEL benchkey198
SET benchkey202 val
DEL benchkey199
SET benchkey203 val
DEL benchkey200
SET benchkey204 val
DEL benchkey201
SET benchkey205 val
DEL benchkey202
SET benchkey206 val
DEL benchkey203
SET benchkey207 val
DEL benchkey204
SET benchkey208 val
DEL benchkey205
SET benchkey209 val
DEL benchkey206
SET benchkey210 val
DEL benchkey207
SET benchkey211 val
DEL benchkey208
SET benchkey212 val
DEL benchkey209
SET benchkey213 val
DEL benchkey210
SET benchkey214 val
DEL benchkey211
SET benchkey215 val
DEL benchkey212
SET benchkey216 val
DEL benchkey213
SET benchkey217 val
DEL benchkey214
SET benchkey218 val
DEL benchkey215
SET benchkey219 val
DEL benchkey216
SET benchkey220 val
DEL benchkey217
SET benchkey221 val
DEL benchkey218
SET benchkey222 val
DEL benchkey219
SET benchkey223 val
DEL benchkey220
SET benchkey224 val
DEL benchkey221
SET benchkey225 val
DEL benchkey222
SET benchkey226 val
DEL benchkey223
SET benchkey227 val
DEL benchkey224
SET benchkey228 val
DEL benchkey225
SET benchkey229 val
DEL benchkey226
SET benchkey230 val
DEL benchkey227
SET benchkey231 val
DEL benchkey228
SET benchkey232 val
DEL benchkey229
SET benchkey233 val
DEL benchkey230
SET benchkey234 val
DEL benchkey231
SET benchkey235 val
DEL benchkey232
SET benchkey236 val
DEL benchkey233
SET benchkey237 val
DEL benchkey234
SET benchkey238 val
DEL benchkey235
SET benchkey239 val
DEL benchkey236
SET benchkey240 val
DEL benchkey237
SET benchkey241 val
DEL benchkey238
SET benchkey242 val
DEL benchkey239
SET benchkey243 val
DEL benchkey240
SET benchkey244 val
DEL benchkey241
SET benchkey245 val
DEL benchkey242
SET benchkey246 val
DEL benchkey243
SET benchkey247 val
DEL benchkey244
SET benchkey248 val
DEL benchkey245
SET benchkey249 val
DEL benchkey246
SET benchkey250 val
DEL benchkey247
SET benchkey251 val
DEL benchkey248
SET benchkey252 val
DEL benchkey249
SET benchkey253 val
DEL benchkey250
SET benchkey254 val
DEL benchkey251
SET benchkey255 val
DEL benchkey252
SET benchkey256 val
DEL benchkey253
SET benchkey257 val
DEL benchkey254
SET benchkey258 val
DEL benchkey255
SET benchkey259 val
DEL benchkey256
SET benchkey260 val
DEL benchkey257
SET benchkey261 val
DEL benchkey258
SET benchkey262 val
DEL benchkey259
SET benchkey263 val
DEL benchkey260
SET benchkey264 val
DEL benchkey261
SET benchkey265 val
DEL benchkey262
SET benchkey266 val
DEL benchkey263
SET benchkey267 val
DEL benchkey264
SET benchkey268 val
DEL benchkey265
SET benchkey269 val
DEL benchkey266
SET benchkey270 val
DEL benchkey267
SET benchkey271 val
DEL benchkey268
SET benchkey272 val
DEL benchkey269
SET benchkey273 val
DEL benchkey270
SET benchkey274 val
DEL benchkey271
SET benchkey275 val
DEL benchkey272
SET benchkey276 val
DEL benchkey273
SET benchkey277 val
DEL benchkey274
SET benchkey278 val
DEL benchkey275
SET benchkey279 val
DEL benchkey276
SET benchkey280 val
DEL benchkey277
SET benchkey281 val
DEL benchkey278
SET benchkey282 val
DEL benchkey279
SET benchkey283 val
DEL benchkey280
SET benchkey284 val
DEL benchkey281
SET benchkey285 val
DEL benchkey282
SET benchkey286 val
DEL benchkey283
SET benchkey287 val
DEL benchkey284
SET benchkey288 val
DEL benchkey285
SET benchkey289 val
DEL benchkey286
SET benchkey290 val
DEL benchkey287
SET benchkey291 val
DEL benchkey288
SET benchkey292 val
DEL benchkey289
SET benchkey293 val
DEL benchkey290
SET benchkey294 val
DEL benchkey291
SET benchkey295 val
DEL benchkey292
SET benchkey296 val
DEL benchkey293
SET benchkey297 val
DEL benchkey294
SET benchkey298 val
DEL benchkey295
SET benchkey299 val
DEL benchkey296
SET benchkey300 val
DEL benchkey297
SET benchkey301 val
DEL benchkey298
SET benchkey302 val
DEL benchkey299
SET benchkey303 val
DEL benchkey300
SET benchkey304 val
DEL benchkey301
SET benchkey305 val
DEL benchkey302
SET benchkey306 val
DEL benchkey303
SET benchkey307 val
DEL benchkey304
SET benchkey308 val
DEL benchkey305
SET benchkey309 val
DEL benchkey306
SET benchkey310 val
DEL benchkey307
SET benchkey311 val
DEL benchkey308
SET benchkey312 val
DEL benchkey309
SET benchkey313 val
DEL benchkey310
SET benchkey314 val
DEL benchkey311
SET benchkey315 val
DEL benchkey312
SET benchkey316 val
DEL benchkey313
SET benchkey317 val
DEL benchkey314
SET benchkey318 val
DEL benchkey315
SET benchkey319 val
DEL benchkey316
SET benchkey320 val
DEL benchkey317
SET benchkey321 val
DEL benchkey318
SET benchkey322 val
DEL benchkey319
SET benchkey323 val
DEL benchkey320
SET benchkey324 val
DEL benchkey321
SET benchkey325 val
DEL benchkey322
SET benchkey326 val
DEL benchkey323
SET benchkey327 val
DEL benchkey324
SET benchkey328 val
DEL benchkey325
SET benchkey329 val
DEL benchkey326
SET benchkey330 val
DEL benchkey327
SET benchkey331 val
DEL benchkey328
SET benchkey332 val
DEL benchkey329
SET benchkey333 val
DEL benchkey330
SET benchkey334 val
DEL benchkey331
SET benchkey335 val
DEL benchkey332
SET benchkey336 val
DEL benchkey333
SET benchkey337 val
DEL benchkey334
SET benchkey338 val
DEL benchkey335
SET benchkey339 val
DEL benchkey336
SET benchkey340 val
DEL benchkey337
SET benchkey341 val
DEL benchkey338
SET benchkey342 val
DEL benchkey339
SET benchkey343 val
DEL benchkey340
SET benchkey344 val
DEL benchkey341
SET benchkey345 val
DEL benchkey342
SET benchkey346 val
DEL benchkey343
SET benchkey347 val
DEL benchkey344
SET benchkey348 val
DEL benchkey345
SET benchkey349 val
DEL benchkey346
SET benchkey350 val
DEL benchkey347
SET benchkey351 val
DEL benchkey348
SET benchkey352 val
DEL benchkey349
SET benchkey353 val
DEL benchkey350
SET benchkey354 val
DEL benchkey351
SET benchkey355 val
DEL benchkey352
SET benchkey356 val
DEL benchkey353
SET benchkey357 val
DEL benchkey354
SET benchkey358 val
DEL benchkey355
SET benchkey359 val
DEL benchkey356
SET benchkey360 val
DEL benchkey357
SET benchkey361 val
DEL benchkey358
SET benchkey362 val
DEL benchkey359
SET benchkey363 val
DEL benchkey360
SET benchkey364 val
DEL benchkey361
SET benchkey365 val
DEL benchkey362
SET benchkey366 val
DEL benchkey363
SET benchkey367 val
DEL benchkey364
SET benchkey368 val
DEL benchkey365
SET benchkey369 val
DEL benchkey366
SET benchkey370 val
DEL benchkey367
SET benchkey371 val
DEL benchkey368
SET benchkey372 val
DEL benchkey369
SET benchkey373 val
DEL benchkey370
SET benchkey374 val
DEL benchkey371
SET benchkey375 val
DEL benchkey372
SET benchkey376 val
DEL benchkey373
SET benchkey377 val
DEL benchkey374
SET benchkey378 val
DEL benchkey375
SET benchkey379 val
DEL benchkey376
SET benchkey380 val
DEL benchkey377
SET benchkey381 val
DEL benchkey378
SET benchkey382 val
DEL benchkey379
SET benchkey383 val
DEL benchkey380
SET benchkey384 val
DEL benchkey381
SET benchkey385 val
DEL benchkey382
SET benchkey386 val
DEL benchkey383
SET benchkey387 val
DEL benchkey384
SET benchkey388 val
DEL benchkey385
SET benchkey389 val
DEL benchkey386
SET benchkey390 val
DEL benchkey387
SET benchkey391 val
DEL benchkey388
SET benchkey392 val
DEL benchkey389
SET benchkey393 val
DEL benchkey390
SET benchkey394 val
DEL benchkey391
SET benchkey395 val
DEL benchkey392
SET benchkey396 val
DEL benchkey393
SET benchkey397 val
DEL benchkey394
SET benchkey398 val
DEL benchkey395
SET benchkey399 val
DEL benchkey396
SET benchkey400 val
DEL benchkey397
SET benchkey401 val
DEL benchkey398
SET benchkey402 val
DEL benchkey399
SET benchkey403 val
DEL benchkey400
SET benchkey404 val
DEL benchkey401
SET benchkey405 val
DEL benchkey402
SET benchkey406 val
DEL benchkey403
SET benchkey407 val
DEL benchkey404
SET benchkey408 val
DEL benchkey405
SET benchkey409 val
DEL benchkey406
SET benchkey410 val
DEL benchkey407
SET benchkey411 val
DEL benchkey408
SET benchkey412 val
DEL benchkey409
SET benchkey413 val
DEL benchkey410
SET benchkey414 val
DEL benchkey411
SET benchkey415 val
DEL benchkey412
SET benchkey416 val
DEL benchkey413
SET benchkey417 val
DEL benchkey414
SET benchkey418 val
DEL benchkey415
SET benchkey419 val
DEL benchkey416
SET benchkey420 val
DEL benchkey417
SET benchkey421 val
DEL benchkey418
SET benchkey422 val
DEL benchkey419
SET benchkey423 val
DEL benchkey420
SET benchkey424 val
DEL benchkey421
SET benchkey425 val
DEL benchkey422
SET benchkey426 val
DEL benchkey423
SET benchkey427 val
DEL benchkey424
SET benchkey428 val
DEL benchkey425
SET benchkey429 val
DEL benchkey426
SET benchkey430 val
DEL benchkey427
SET benchkey431 val
DEL benchkey428
SET benchkey432 val
DEL benchkey429
SET benchkey433 val
DEL benchkey430
SET benchkey434 val
DEL benchkey431
SET benchkey435 val
DEL benchkey432
SET benchkey436 val
DEL benchkey433
SET benchkey437 val
DEL benchkey434
SET benchkey438 val
DEL benchkey435
SET benchkey439 val
DEL benchkey436
SET benchkey440 val
DEL benchkey437
SET benchkey441 val
DEL benchkey438
SET benchkey442 val
DEL benchkey439
SET benchkey443 val
DEL benchkey440
SET benchkey444 val
DEL benchkey441
SET benchkey445 val
DEL benchkey442
SET benchkey446 val
DEL benchkey443
SET benchkey447 val
DEL benchkey444
SET benchkey448 val
DEL benchkey445
SET benchkey449 val
DEL benchkey446
SET benchkey450 val
DEL benchkey447
SET benchkey451 val
DEL benchkey448
SET benchkey452 val
DEL benchkey449
SET benchkey453 val
DEL benchkey450
SET benchkey454 val
DEL benchkey451
SET benchkey455 val
DEL benchkey452
SET benchkey456 val
DEL benchkey453
SET benchkey457 val
DEL benchkey454
SET benchkey458 val
DEL benchkey455
SET benchkey459 val
DEL benchkey456
SET benchkey460 val
DEL benchkey457
SET benchkey461 val
DEL benchkey458
SET benchkey462 val
DEL benchkey459
SET benchkey463 val
DEL benchkey460
SET benchkey464 val
DEL benchkey461
SET benchkey465 val
DEL benchkey462
SET benchkey466 val
DEL benchkey463
SET benchkey467 val
DEL benchkey464
SET benchkey468 val
DEL benchkey465
SET benchkey469 val
DEL benchkey466
SET benchkey470 val
DEL benchkey467
SET benchkey471 val
DEL benchkey468
SET benchkey472 val
DEL benchkey469
SET benchkey473 val
DEL benchkey470
SET benchkey474 val
DEL benchkey471
SET benchkey475 val
DEL benchkey472
SET benchkey476 val
DEL benchkey473
SET benchkey477 val
DEL benchkey474
SET benchkey478 val
DEL benchkey475
SET benchkey479 val
DEL benchkey476
SET benchkey480 val
DEL benchkey477
SET benchkey481 val
DEL benchkey478
SET benchkey482 val
DEL benchkey479
SET benchkey483 val
DEL benchkey480
SET benchkey484 val
DEL benchkey481
SET benchkey485 val
DEL benchkey482
SET benchkey486 val
DEL benchkey483
SET benchkey487 val
DEL benchkey484
SET benchkey488 val
DEL benchkey485
SET benchkey489 val
DEL benchkey486
SET benchkey490 val
DEL benchkey487
SET benchkey491 val
DEL benchkey488
SET benchkey492 val
DEL benchkey489
SET benchkey493 val
DEL benchkey490
SET benchkey494 val
DEL benchkey491
SET benchkey495 val
DEL benchkey492
SET benchkey496 val
DEL benchkey493
SET benchkey497 val
DEL benchkey494
SET benchkey498 val
DEL benchkey495
SET benchkey499 val
DEL benchkey496
SET benchkey500 val
DEL benchkey497
SET benchkey501 val
DEL benchkey498
SET benchkey502 val
DEL benchkey499
SET benchkey503 val
DEL benchkey500
SET benchkey504 val
DEL benchkey501
SET benchkey505 val
DEL benchkey502
SET benchkey506 val
DEL benchkey503
SET benchkey507 val
DEL benchkey504
SET benchkey508 val
DEL benchkey505
SET benchkey509 val
DEL benchkey506
SET benchkey510 val
DEL benchkey507
SET benchkey511 val
DEL benchkey508
SET benchkey512 val
DEL benchkey509
SET benchkey513 val
DEL benchkey510
SET benchkey514 val
DEL benchkey511
SET benchkey515 val
DEL benchkey512
SET benchkey516 val
DEL benchkey513
SET benchkey517 val
DEL benchkey514
SET benchkey518 val
DEL benchkey515
SET benchkey519 val
DEL benchkey516
SET benchkey520 val
DEL benchkey517
SET benchkey521 val
DEL benchkey518
SET benchkey522 val
DEL benchkey519
SET benchkey523 val
DEL benchkey520
SET benchkey524 val
DEL benchkey521
SET benchkey525 val
DEL benchkey522
SET benchkey526 val
DEL benchkey523
SET benchkey527 val
DEL benchkey524
SET benchkey528 val
DEL benchkey525
SET benchkey529 val
DEL benchkey526
SET benchkey530 val
DEL benchkey527
SET benchkey531 val
DEL benchkey528
SET benchkey532 val
DEL benchkey529
SET benchkey533 val
DEL benchkey530
SET benchkey534 val
DEL benchkey531
SET benchkey535 val
DEL benchkey532
SET benchkey536 val
DEL benchkey533
SET benchkey537 val
DEL benchkey534
SET benchkey538 val
DEL benchkey535
SET benchkey539 val
DEL benchkey536
SET benchkey540 val
DEL benchkey537
SET benchkey541 val
DEL benchkey538
SET benchkey542 val
DEL benchkey539
SET benchkey543 val
DEL benchkey540
SET benchkey544 val
DEL benchkey541
SET benchkey545 val
DEL benchkey542
SET benchkey546 val
DEL benchkey543
SET benchkey547 val
DEL benchkey544
SET benchkey548 val
DEL benchkey545
SET benchkey549 val
DEL benchkey546
SET benchkey550 val
DEL benchkey547
SET benchkey551 val
DEL benchkey548
SET benchkey552 val
DEL benchkey549
SET benchkey553 val
DEL benchkey550
SET benchkey554 val
DEL benchkey551
SET benchkey555 val
DEL benchkey552
SET benchkey556 val
DEL benchkey553
SET benchkey557 val
DEL benchkey554
SET benchkey558 val
DEL benchkey555
SET benchkey559 val
DEL benchkey556
SET benchkey560 val
DEL benchkey557
SET benchkey561 val
DEL benchkey558
SET benchkey562 val
DEL benchkey559
SET benchkey563 val
DEL benchkey560
SET benchkey564 val
DEL benchkey561
SET benchkey565 val
DEL benchkey562
SET benchkey566 val
DEL benchkey563
SET benchkey567 val
DEL benchkey564
SET benchkey568 val
DEL benchkey565
SET benchkey569 val
DEL benchkey566
SET benchkey570 val
DEL benchkey567
SET benchkey571 val
DEL benchkey568
SET benchkey572 val
DEL benchkey569
SET benchkey573 val
DEL benchkey570
SET benchkey574 val
DEL benchkey571
SET benchkey575 val
DEL benchkey572
SET benchkey576 val
DEL benchkey573
SET benchkey577 val
DEL benchkey574
SET benchkey578 val
DEL benchkey575
SET benchkey579 val
DEL benchkey576
SET benchkey580 val
DEL benchkey577
SET benchkey581 val
DEL benchkey578
SET benchkey582 val
DEL benchkey579
SET benchkey583 val
DEL benchkey580
SET benchkey584 val
DEL benchkey581
SET benchkey585 val
DEL benchkey582
SET benchkey586 val
DEL benchkey583
SET benchkey587 val
DEL benchkey584
SET benchkey588 val
DEL benchkey585
SET benchkey589 val
DEL benchkey586
SET benchkey590 val
DEL benchkey587
SET benchkey591 val
DEL benchkey588
SET benchkey592 val
DEL benchkey589
SET benchkey593 val
DEL benchkey590
SET benchkey594 val
DEL benchkey591
SET benchkey595 val
DEL benchkey592
SET benchkey596 val
DEL benchkey593
SET benchkey597 val
DEL benchkey594
SET benchkey598 val
DEL benchkey595
SET benchkey599 val
DEL benchkey596
SET benchkey600 val
DEL benchkey597
SET benchkey601 val
DEL benchkey598
SET benchkey602 val
DEL benchkey599
SET benchkey603 val
DEL benchkey600
SET benchkey604 val
DEL benchkey601
SET benchkey605 val
DEL benchkey602
SET benchkey606 val
DEL benchkey603
SET benchkey607 val
DEL benchkey604
SET benchkey608 val
DEL benchkey605
SET benchkey609 val
DEL benchkey606
SET benchkey610 val
DEL benchkey607
SET benchkey611 val
DEL benchkey608
SET benchkey612 val
DEL benchkey609
SET benchkey613 val
DEL benchkey610
SET benchkey614 val
DEL benchkey611
SET benchkey615 val
DEL benchkey612
SET benchkey616 val
DEL benchkey613
SET benchkey617 val
DEL benchkey614
SET benchkey618 val
DEL benchkey615
SET benchkey619 val
DEL benchkey616
SET benchkey620 val
DEL benchkey617
SET benchkey621 val
DEL benchkey618
SET benchkey622 val
DEL benchkey619
SET benchkey623 val
DEL benchkey620
SET benchkey624 val
DEL benchkey621
SET benchkey625 val
DEL benchkey622
SET benchkey626 val
DEL benchkey623
SET benchkey627 val
DEL benchkey624
SET benchkey628 val
DEL benchkey625
SET benchkey629 val
DEL benchkey626
SET benchkey630 val
DEL benchkey627
SET benchkey631 val
DEL benchkey628
SET benchkey632 val
DEL benchkey629
SET benchkey633 val
DEL benchkey630
SET benchkey634 val
DEL benchkey631
SET benchkey635 val
DEL benchkey632
SET benchkey636 val
DEL benchkey633
SET benchkey637 val
DEL benchkey634
SET benchkey638 val
DEL benchkey635
SET benchkey639 val
DEL benchkey636
SET benchkey640 val
DEL benchkey637
SET benchkey641 val
DEL benchkey638
SET benchkey642 val
DEL benchkey639
SET benchkey643 val
DEL benchkey640
SET benchkey644 val
DEL benchkey641
SET benchkey645 val
DEL benchkey642
SET benchkey646 val
DEL benchkey643
SET benchkey647 val
DEL benchkey644
SET benchkey648 val
DEL benchkey645
SET benchkey649 val
DEL benchkey646
SET benchkey650 val
DEL benchkey647
SET benchkey651 val
DEL benchkey648
SET benchkey652 val
DEL benchkey649
SET benchkey653 val
DEL benchkey650
SET benchkey654 val
DEL benchkey651
SET benchkey655 val
DEL benchkey652
SET benchkey656 val
DEL benchkey653
SET benchkey657 val
DEL benchkey654
SET benchkey658 val
DEL benchkey655
SET benchkey659 val
DEL benchkey656
SET benchkey660 val
DEL benchkey657
SET benchkey661 val
DEL benchkey658
SET benchkey662 val
DEL benchkey659
SET benchkey663 val
DEL benchkey660
SET benchkey664 val
DEL benchkey661
SET benchkey665 val
DEL benchkey662
SET benchkey666 val
DEL benchkey663
SET benchkey667 val
DEL benchkey664
SET benchkey668 val
DEL benchkey665
SET benchkey669 val
DEL benchkey666
SET benchkey670 val
DEL benchkey667
SET benchkey671 val
DEL benchkey668
SET benchkey672 val
DEL benchkey669
SET benchkey673 val
DEL benchkey670
SET benchkey674 val
DEL benchkey671
SET benchkey675 val
DEL benchkey672
SET benchkey676 val
DEL benchkey673
SET benchkey677 val
DEL benchkey674
SET benchkey678 val
DEL benchkey675
SET benchkey679 val
DEL benchkey676
SET benchkey680 val
DEL benchkey677
SET benchkey681 val
DEL benchkey678
SET benchkey682 val
DEL benchkey679
SET benchkey683 val
DEL benchkey680
SET benchkey684 val
DEL benchkey681
SET benchkey685 val
DEL benchkey682
SET benchkey686 val
DEL benchkey683
SET benchkey687 val
DEL benchkey684
SET benchkey688 val
DEL benchkey685
SET benchkey689 val
DEL benchkey686
SET benchkey690 val
DEL benchkey687
SET benchkey691 val
DEL benchkey688
SET benchkey692 val
DEL benchkey689
SET benchkey693 val
DEL benchkey690
SET benchkey694 val
DEL benchkey691
SET benchkey695 val
DEL benchkey692
SET benchkey696 val
DEL benchkey693
SET benchkey697 val
DEL benchkey694
SET benchkey698 val
DEL benchkey695
SET benchkey699 val
DEL benchkey696
SET benchkey700 val
DEL benchkey697
SET benchkey701 val
DEL benchkey698
SET benchkey702 val
DEL benchkey699
SET benchkey703 val
DEL benchkey700
SET benchkey704 val
DEL benchkey701
SET benchkey705 val
DEL benchkey702
SET benchkey706 val
DEL benchkey703
SET benchkey707 val
DEL benchkey704
SET benchkey708 val
DEL benchkey705
SET benchkey709 val
DEL benchkey706
SET benchkey710 val
DEL benchkey707
SET benchkey711 val
DEL benchkey708
SET benchkey712 val
DEL benchkey709
SET benchkey713 val
DEL benchkey710
SET benchkey714 val
DEL benchkey711
SET benchkey715 val
DEL benchkey712
SET benchkey716 val
DEL benchkey713
SET benchkey717 val
DEL benchkey714
SET benchkey718 val
DEL benchkey715
SET benchkey719 val
DEL benchkey716
SET benchkey720 val
DEL benchkey717
SET benchkey721 val
DEL benchkey718
SET benchkey722 val
DEL benchkey719
SET benchkey723 val
DEL benchkey720
SET benchkey724 val
DEL benchkey721
SET benchkey725 val
DEL benchkey722
SET benchkey726 val
DEL benchkey723
SET benchkey727 val
DEL benchkey724
SET benchkey728 val
DEL benchkey725
SET benchkey729 val
DEL benchkey726
SET benchkey730 val
DEL benchkey727
SET benchkey731 val
DEL benchkey728
SET benchkey732 val
DEL benchkey729
SET benchkey733 val
DEL benchkey730
SET benchkey734 val
DEL benchkey731
SET benchkey735 val
DEL benchkey732
SET benchkey736 val
DEL benchkey733
SET benchkey737 val
DEL benchkey734
SET benchkey738 val
DEL benchkey735
SET benchkey739 val
DEL benchkey736
SET benchkey740 val
DEL benchkey737
SET benchkey741 val
DEL benchkey738
SET benchkey742 val
DEL benchkey739
SET benchkey743 val
DEL benchkey740
SET benchkey744 val
DEL benchkey741
SET benchkey745 val
DEL benchkey742
SET benchkey746 val
DEL benchkey743
SET benchkey747 val
DEL benchkey744
SET benchkey748 val
DEL benchkey745
SET benchkey749 val
DEL benchkey746
SET benchkey750 val
DEL benchkey747
SET benchkey751 val
DEL benchkey748
SET benchkey752 val
DEL benchkey749
SET benchkey753 val
DEL benchkey750
SET benchkey754 val
DEL benchkey751
SET benchkey755 val
DEL benchkey752
SET benchkey756 val
DEL benchkey753
SET benchkey757 val
DEL benchkey754
SET benchkey758 val
DEL benchkey755
SET benchkey759 val
DEL benchkey756
SET benchkey760 val
DEL benchkey757
SET benchkey761 val
DEL benchkey758
SET benchkey762 val
DEL benchkey759
SET benchkey763 val
DEL benchkey760
SET benchkey764 val
DEL benchkey761
SET benchkey765 val
DEL benchkey762
SET benchkey766 val
DEL benchkey763
SET benchkey767 val
DEL benchkey764
SET benchkey768 val
DEL benchkey765
SET benchkey769 val
DEL benchkey766
SET benchkey770 val
DEL benchkey767
SET benchkey771 val
DEL benchkey768
SET benchkey772 val
DEL benchkey769
SET benchkey773 val
DEL benchkey770
SET benchkey774 val
DEL benchkey771
SET benchkey775 val
DEL benchkey772
SET benchkey776 val
DEL benchkey773
SET benchkey777 val
DEL benchkey774
SET benchkey778 val
DEL benchkey775
SET benchkey779 val
DEL benchkey776
SET benchkey780 val
DEL benchkey777
SET benchkey781 val
DEL benchkey778
SET benchkey782 val
DEL benchkey779
SET benchkey783 val
DEL benchkey780
SET benchkey784 val
DEL benchkey781
SET benchkey785 val
DEL benchkey782
SET benchkey786 val
DEL benchkey783
SET benchkey787 val
DEL benchkey784
SET benchkey788 val
DEL benchkey785
SET benchkey789 val
DEL benchkey786
SET benchkey790 val
DEL benchkey787
SET benchkey791 val
DEL benchkey788
SET benchkey792 val
DEL benchkey789
SET benchkey793 val
DEL benchkey790
SET benchkey794 val
DEL benchkey791
SET benchkey795 val
DEL benchkey792
SET benchkey796 val
DEL benchkey793
SET benchkey797 val
DEL benchkey794
SET benchkey798 val
DEL benchkey795
SET benchkey799 val
DEL benchkey796
SET benchkey800 val
DEL benchkey797
SET benchkey801 val
DEL benchkey798
SET benchkey802 val
DEL benchkey799
SET benchkey803 val
DEL benchkey800
SET benchkey804 val
DEL benchkey801
SET benchkey805 val
DEL benchkey802
SET benchkey806 val
DEL benchkey803
SET benchkey807 val
DEL benchkey804
SET benchkey808 val
DEL benchkey805
SET benchkey809 val
DEL benchkey806
SET benchkey810 val
DEL benchkey807
SET benchkey811 val
DEL benchkey808
SET benchkey812 val
DEL benchkey809
SET benchkey813 val
DEL benchkey810
SET benchkey814 val
DEL benchkey811
SET benchkey815 val
DEL benchkey812
SET benchkey816 val
DEL benchkey813
SET benchkey817 val
DEL benchkey814
SET benchkey818 val
DEL benchkey815
SET benchkey819 val
DEL benchkey816
SET benchkey820 val
DEL benchkey817
SET benchkey821 val
DEL benchkey818
SET benchkey822 val
DEL benchkey819
SET benchkey823 val
DEL benchkey820
SET benchkey824 val
DEL benchkey821
SET benchkey825 val
DEL benchkey822
SET benchkey826 val
DEL benchkey823
SET benchkey827 val
DEL benchkey824
SET benchkey828 val
DEL benchkey825
SET benchkey829 val
DEL benchkey826
SET benchkey830 val
DEL benchkey827
SET benchkey831 val
DEL benchkey828
SET benchkey832 val
DEL benchkey829
SET benchkey833 val
DEL benchkey830
SET benchkey834 val
DEL benchkey831
SET benchkey835 val
DEL benchkey832
SET benchkey836 val
DEL benchkey833
SET benchkey837 val
DEL benchkey834
SET benchkey838 val
DEL benchkey835
SET benchkey839 val
DEL benchkey836
SET benchkey840 val
DEL benchkey837
SET benchkey841 val
DEL benchkey838
SET benchkey842 val
DEL benchkey839
SET benchkey843 val
DEL benchkey840
SET benchkey844 val
DEL benchkey841
SET benchkey845 val
DEL benchkey842
SET benchkey846 val
DEL benchkey843
SET benchkey847 val
DEL benchkey844
SET benchkey848 val
DEL benchkey845
SET benchkey849 val
DEL benchkey846
SET benchkey850 val
DEL benchkey847
SET benchkey851 val
DEL benchkey848
SET benchkey852 val
DEL benchkey849
SET benchkey853 val
DEL benchkey850
SET benchkey854 val
DEL benchkey851
SET benchkey855 val
DEL benchkey852
SET benchkey856 val
DEL benchkey853
SET benchkey857 val
DEL benchkey854
SET benchkey858 val
DEL benchkey855
SET benchkey859 val
DEL benchkey856
SET benchkey860 val
DEL benchkey857
SET benchkey861 val
DEL benchkey858
SET benchkey862 val
DEL benchkey859
SET benchkey863 val
DEL benchkey860
SET benchkey864 val
DEL benchkey861
SET benchkey865 val
DEL benchkey862
SET benchkey866 val
DEL benchkey863
SET benchkey867 val
DEL benchkey864
SET benchkey868 val
DEL benchkey865
SET benchkey869 val
DEL benchkey866
SET benchkey870 val
DEL benchkey867
SET benchkey871 val
DEL benchkey868
SET benchkey872 val
DEL benchkey869
SET benchkey873 val
DEL benchkey870
SET benchkey874 val
DEL benchkey871
SET benchkey875 val
DEL benchkey872
SET benchkey876 val
DEL benchkey873
SET benchkey877 val
DEL benchkey874
SET benchkey878 val
DEL benchkey875
SET benchkey879 val
DEL benchkey876
SET benchkey880 val
DEL benchkey877
SET benchkey881 val
DEL benchkey878
SET benchkey882 val
DEL benchkey879
SET benchkey883 val
DEL benchkey880
SET benchkey884 val
DEL benchkey881
SET benchkey885 val
DEL benchkey882
SET benchkey886 val
DEL benchkey883
SET benchkey887 val
DEL benchkey884
SET benchkey888 val
DEL benchkey885
SET benchkey889 val
DEL benchkey886
SET benchkey890 val
DEL benchkey887
SET benchkey891 val
DEL benchkey888
SET benchkey892 val
DEL benchkey889
SET benchkey893 val
DEL benchkey890
SET benchkey894 val
DEL benchkey891
SET benchkey895 val
DEL benchkey892
SET benchkey896 val
DEL benchkey893
SET benchkey897 val
DEL benchkey894
SET benchkey898 val
DEL benchkey895
SET benchkey899 val
DEL benchkey896
SET benchkey900 val
DEL benchkey897
SET benchkey901 val
DEL benchkey898
SET benchkey902 val
DEL benchkey899
SET benchkey903 val
DEL benchkey900
SET benchkey904 val
DEL benchkey901
SET benchkey905 val
DEL benchkey902
SET benchkey906 val
DEL benchkey903
SET benchkey907 val
DEL benchkey904
SET benchkey908 val
DEL benchkey905
SET benchkey909 val
DEL benchkey906
SET benchkey910 val
DEL benchkey907
SET benchkey911 val
DEL benchkey908
SET benchkey912 val
DEL benchkey909
SET benchkey913 val
DEL benchkey910
SET benchkey914 val
DEL benchkey911
SET benchkey915 val
DEL benchkey912
SET benchkey916 val
DEL benchkey913
SET benchkey917 val
DEL benchkey914
SET benchkey918 val
DEL benchkey915
SET benchkey919 val
DEL benchkey916
SET benchkey920 val
DEL benchkey917
SET benchkey921 val
DEL benchkey918
SET benchkey922 val
DEL benchkey919
SET benchkey923 val
DEL benchkey920
SET benchkey924 val
DEL benchkey921
SET benchkey925 val
DEL benchkey922
SET benchkey926 val
DEL benchkey923
SET benchkey927 val
DEL benchkey924
SET benchkey928 val
DEL benchkey925
SET benchkey929 val
DEL benchkey926
SET benchkey930 val
DEL benchkey927
SET benchkey931 val
DEL benchkey928
SET benchkey932 val
DEL benchkey929
SET benchkey933 val
DEL benchkey930
SET benchkey934 val
DEL benchkey931
SET benchkey935 val
DEL benchkey932
SET benchkey936 val
DEL benchkey933
SET benchkey937 val
DEL benchkey934
SET benchkey938 val
DEL benchkey935
SET benchkey939 val
DEL benchkey936
SET benchkey940 val
DEL benchkey937
SET benchkey941 val
DEL benchkey938
SET benchkey942 val
DEL benchkey939
SET benchkey943 val
DEL benchkey940
SET benchkey944 val
DEL benchkey941
SET benchkey945 val
DEL benchkey942
SET benchkey946 val
DEL benchkey943
SET benchkey947 val
DEL benchkey944
SET benchkey948 val
DEL benchkey945
SET benchkey949 val
DEL benchkey946
SET benchkey950 val
DEL benchkey947
SET benchkey951 val
DEL benchkey948
SET benchkey952 val
DEL benchkey949
SET benchkey953 val
DEL benchkey950
SET benchkey954 val
DEL benchkey951
SET benchkey955 val
DEL benchkey952
SET benchkey956 val
DEL benchkey953
SET benchkey957 val
DEL benchkey954
SET benchkey958 val
DEL benchkey955
SET benchkey959 val
DEL benchkey956
SET benchkey960 val
DEL benchkey957
SET benchkey961 val
DEL benchkey958
SET benchkey962 val
DEL benchkey959
SET benchkey963 val
DEL benchkey960
SET benchkey964 val
DEL benchkey961
SET benchkey965 val
DEL benchkey962
SET benchkey966 val
DEL benchkey963
SET benchkey967 val
DEL benchkey964
SET benchkey968 val
DEL benchkey965
SET benchkey969 val
DEL benchkey966
SET benchkey970 val
DEL benchkey967
SET benchkey971 val
DEL benchkey968
SET benchkey972 val
DEL benchkey969
SET benchkey973 val
DEL benchkey970
SET benchkey974 val
DEL benchkey971
SET benchkey975 val
DEL benchkey972
SET benchkey976 val
DEL benchkey973
SET benchkey977 val
DEL benchkey974
SET benchkey978 val
DEL benchkey975
SET benchkey979 val
DEL benchkey976
SET benchkey980 val
DEL benchkey977
SET benchkey981 val
DEL benchkey978
SET benchkey982 val
DEL benchkey979
SET benchkey983 val
DEL benchkey980
SET benchkey984 val
DEL benchkey981
SET benchkey985 val
DEL benchkey982
SET benchkey986 val
DEL benchkey983
SET benchkey987 val
DEL benchkey984
SET benchkey988 val
DEL benchkey985
SET benchkey989 val
DEL benchkey986
SET benchkey990 val
DEL benchkey987
SET benchkey991 val
DEL benchkey988
SET benchkey992 val
DEL benchkey989
SET benchkey993 val
DEL benchkey990
SET benchkey994 val
DEL benchkey991
SET benchkey995 val
DEL benchkey992
SET benchkey996 val
DEL benchkey993
SET benchkey997 val
DEL benchkey994
SET benchkey998 val
DEL benchkey995
SET benchkey999 val
DEL benchkey996
